// Jest Snapshot v1, https://goo.gl/fbAQLP

exports[`should match snapshot 1`] = `
<DocumentFragment>
  <div
    class="TodoList"
  >
    <form
      class="NewTodoForm"
    >
      <label
        class="NewTodoForm-label"
        for="task"
      >
        Task
      </label>
      <input
        class="NewTodoForm-input"
        id="task"
        name="task"
        type="text"
        value=""
      />
      <button>
        Add
      </button>
    </form>
    <div
      class="TodoList-todos"
    />
  </div>
</DocumentFragment>
`;
